PreprocessingInfo test4.c line 1 col 9 : #define	PI	3.14159265358979323846
PreprocessingInfo test4.c line 2 col 9 : #define	fixangle(a)	((a) - 360.0 * (floor((a) / 360.0)))
PreprocessingInfo test4.c line 4 col 9 : #define	torad(d)	((d) * (PI / 180.0))
PreprocessingInfo test4.c line 5 col 1 : #include <math.h>
PreprocessingInfo test4.c line 10 col 3 : torad(2 * MmP) expanded: ((2 * MmP) * (3.14159265358979323846 / 180.0))
PreprocessingInfo test4.c line 11 col 3 : torad(2 * (lP - Lambdasun)) expanded: ((2 * (lP - Lambdasun)) * (3.14159265358979323846 / 180.0))
PreprocessingInfo test4.c line 12 col 3 : torad(MmP) expanded: ((MmP) * (3.14159265358979323846 / 180.0))
PreprocessingInfo test4.c line 13 col 20 : torad(2 * MmP) expanded: ((2 * MmP) * (3.14159265358979323846 / 180.0))
PreprocessingInfo test4.c line 14 col 21 : torad(2 * (lP - Lambdasun)) expanded: ((2 * (lP - Lambdasun)) * (3.14159265358979323846 / 180.0))
PreprocessingInfo test4.c line 15 col 15 : fixangle(MmP + Lambdasun) expanded: ((MmP + Lambdasun) - 360.0 * (floor((MmP + Lambdasun) / 360.0)))
PreprocessingInfo test4.c line 16 col 8 : fixangle(Lambdasun - 0.1114041 * A4 - Lambdasun) expanded: ((Lambdasun - 0.1114041 * A4 - Lambdasun) - 360.0 * (floor((Lambdasun - 0.1114041 * A4 - Lambdasun) / 360.0)))
