Unparsed: SgFunctionDeclaration int main(){double A4;double MmP;double lP;double Lambdasun;(2 * MmP) *(3.14159265358979323846 / 180.0);MmP *(3.14159265358979323846 / 180.0);return 0;}
          SgFunctionDeclaration SgFunctionParameterList SgFunctionDefinition SgBasicBlock SgVariableDeclaration SgInitializedName SgVariableDeclaration SgInitializedName SgVariableDeclaration SgInitializedName SgVariableDeclaration SgInitializedName SgExprStatement SgCastExp SgIntVal 2 SgDoubleVal 2 SgMultiplyOp SgVarRefExp SgMultiplyOp SgDoubleVal 3.14159265358979323846 SgDivideOp SgDoubleVal 180.0 SgDoubleVal (3.14159265358979323846 / 180.0) SgExprStatement SgVarRefExp SgMultiplyOp SgDoubleVal 3.14159265358979323846 SgDivideOp SgDoubleVal 180.0 SgDoubleVal (3.14159265358979323846 / 180.0) SgReturnStmt SgIntVal 0 
Unparsed: SgFunctionParameterList 
          SgFunctionParameterList 
Unparsed: SgFunctionDefinition int main(){double A4;double MmP;double lP;double Lambdasun;(2 * MmP) *(3.14159265358979323846 / 180.0);MmP *(3.14159265358979323846 / 180.0);return 0;}
          SgFunctionDefinition SgBasicBlock SgVariableDeclaration SgInitializedName SgVariableDeclaration SgInitializedName SgVariableDeclaration SgInitializedName SgVariableDeclaration SgInitializedName SgExprStatement SgCastExp SgIntVal 2 SgDoubleVal 2 SgMultiplyOp SgVarRefExp SgMultiplyOp SgDoubleVal 3.14159265358979323846 SgDivideOp SgDoubleVal 180.0 SgDoubleVal (3.14159265358979323846 / 180.0) SgExprStatement SgVarRefExp SgMultiplyOp SgDoubleVal 3.14159265358979323846 SgDivideOp SgDoubleVal 180.0 SgDoubleVal (3.14159265358979323846 / 180.0) SgReturnStmt SgIntVal 0 
Unparsed: SgBasicBlock {double A4;double MmP;double lP;double Lambdasun;(2 * MmP) *(3.14159265358979323846 / 180.0);MmP *(3.14159265358979323846 / 180.0);return 0;}
          SgBasicBlock SgVariableDeclaration SgInitializedName SgVariableDeclaration SgInitializedName SgVariableDeclaration SgInitializedName SgVariableDeclaration SgInitializedName SgExprStatement SgCastExp SgIntVal 2 SgDoubleVal 2 SgMultiplyOp SgVarRefExp SgMultiplyOp SgDoubleVal 3.14159265358979323846 SgDivideOp SgDoubleVal 180.0 SgDoubleVal (3.14159265358979323846 / 180.0) SgExprStatement SgVarRefExp SgMultiplyOp SgDoubleVal 3.14159265358979323846 SgDivideOp SgDoubleVal 180.0 SgDoubleVal (3.14159265358979323846 / 180.0) SgReturnStmt SgIntVal 0 
Unparsed: SgVariableDeclaration double A4;
          SgVariableDeclaration SgInitializedName 
Unparsed: SgInitializedName A4
          SgInitializedName 
Unparsed: SgVariableDeclaration double MmP;
          SgVariableDeclaration SgInitializedName 
Unparsed: SgInitializedName MmP
          SgInitializedName 
Unparsed: SgVariableDeclaration double lP;
          SgVariableDeclaration SgInitializedName 
Unparsed: SgInitializedName lP
          SgInitializedName 
Unparsed: SgVariableDeclaration double Lambdasun;
          SgVariableDeclaration SgInitializedName 
Unparsed: SgInitializedName Lambdasun
          SgInitializedName 
Unparsed: SgExprStatement (2 * MmP) *(3.14159265358979323846 / 180.0);
          SgExprStatement SgCastExp SgIntVal 2 SgDoubleVal 2 SgMultiplyOp SgVarRefExp SgMultiplyOp SgDoubleVal 3.14159265358979323846 SgDivideOp SgDoubleVal 180.0 SgDoubleVal (3.14159265358979323846 / 180.0) 
Unparsed: SgMultiplyOp (2 * MmP) *(3.14159265358979323846 / 180.0)
          SgCastExp SgIntVal 2 SgDoubleVal 2 SgMultiplyOp SgVarRefExp SgMultiplyOp SgDoubleVal 3.14159265358979323846 SgDivideOp SgDoubleVal 180.0 SgDoubleVal (3.14159265358979323846 / 180.0) 
Unparsed: SgMultiplyOp (2 * MmP)
          SgCastExp SgIntVal 2 SgDoubleVal 2 SgMultiplyOp SgVarRefExp 
Unparsed: SgDoubleVal 2
          SgDoubleVal 2 SgCastExp SgIntVal 2 
Unparsed: SgCastExp 2
          SgCastExp SgIntVal 2 
Unparsed: SgIntVal 2
          SgIntVal 2 
Unparsed: SgVarRefExp MmP
          SgVarRefExp 
Unparsed: SgDoubleVal (3.14159265358979323846 / 180.0)
          SgDoubleVal (3.14159265358979323846 / 180.0) SgDoubleVal 3.14159265358979323846 SgDivideOp SgDoubleVal 180.0 
Unparsed: SgDivideOp (3.14159265358979323846 / 180.0)
          SgDoubleVal 3.14159265358979323846 SgDivideOp SgDoubleVal 180.0 
Unparsed: SgDoubleVal 3.14159265358979323846
          SgDoubleVal 3.14159265358979323846 
Unparsed: SgDoubleVal 180.0
          SgDoubleVal 180.0 
Unparsed: SgExprStatement MmP *(3.14159265358979323846 / 180.0);
          SgExprStatement SgVarRefExp SgMultiplyOp SgDoubleVal 3.14159265358979323846 SgDivideOp SgDoubleVal 180.0 SgDoubleVal (3.14159265358979323846 / 180.0) 
Unparsed: SgMultiplyOp MmP *(3.14159265358979323846 / 180.0)
          SgVarRefExp SgMultiplyOp SgDoubleVal 3.14159265358979323846 SgDivideOp SgDoubleVal 180.0 SgDoubleVal (3.14159265358979323846 / 180.0) 
Unparsed: SgVarRefExp MmP
          SgVarRefExp 
Unparsed: SgDoubleVal (3.14159265358979323846 / 180.0)
          SgDoubleVal (3.14159265358979323846 / 180.0) SgDoubleVal 3.14159265358979323846 SgDivideOp SgDoubleVal 180.0 
Unparsed: SgDivideOp (3.14159265358979323846 / 180.0)
          SgDoubleVal 3.14159265358979323846 SgDivideOp SgDoubleVal 180.0 
Unparsed: SgDoubleVal 3.14159265358979323846
          SgDoubleVal 3.14159265358979323846 
Unparsed: SgDoubleVal 180.0
          SgDoubleVal 180.0 
Unparsed: SgReturnStmt return 0;
          SgReturnStmt SgIntVal 0 
Unparsed: SgIntVal 0
          SgIntVal 0 
