
Macro def at: test5.c l 1 c 9
FORMAL BODY: ((x) < 0 ? (-(x)) : (x))
It has 1 calls to it

Macro Call at test5.c l 8 c 1EXPANDED: ((phase) < 0 ? (-(phase)) : (phase))
Matching AST: ((((phase < 0)?-phase : phase))) > 1E-6;
 Corresponding Ast Nodes: SgIntVal SgLessThanOp SgMinusOp SgConditionalExp 
Is inconsistent with:

Macro def at: test5.c l 7 c 9
FORMAL BODY: 1E-6
It has 1 calls to it

Macro Call at test5.c l 8 c 14EXPANDED: 
Matching AST: 1E-6
 Corresponding Ast Nodes: SgDoubleVal 
Is inconsistent with:
