Unparsed: int main(){double A4;double MmP;double lP;double Lambdasun;((2) * MmP) *(3.14159265358979323846 / 180.0);MmP *(3.14159265358979323846 / 180.0);return 0;}
          SgGlobal SgFunctionDeclaration SgFunctionParameterList SgFunctionDefinition SgBasicBlock SgVariableDeclaration SgInitializedName SgVariableDeclaration SgInitializedName SgVariableDeclaration SgInitializedName SgVariableDeclaration SgInitializedName SgIntVal 2 SgDoubleVal (2) SgMultiplyOp SgMultiplyOp SgVarRefExp SgExprStatement SgDoubleVal (3.14159265358979323846 / 180.0) SgDivideOp SgDoubleVal 3.14159265358979323846 SgDoubleVal 180.0 SgVarRefExp SgMultiplyOp SgDoubleVal 3.14159265358979323846 SgDivideOp SgDoubleVal 180.0 SgDoubleVal (3.14159265358979323846 / 180.0) SgExprStatement SgIntVal 0 SgBasicBlock SgFunctionDefinition SgGlobal 
Unparsed: int main(){double A4;double MmP;double lP;double Lambdasun;((2) * MmP) *(3.14159265358979323846 / 180.0);MmP *(3.14159265358979323846 / 180.0);return 0;}
          SgGlobal SgFunctionDeclaration SgFunctionParameterList SgFunctionDefinition SgBasicBlock SgVariableDeclaration SgInitializedName SgVariableDeclaration SgInitializedName SgVariableDeclaration SgInitializedName SgVariableDeclaration SgInitializedName SgIntVal 2 SgDoubleVal (2) SgMultiplyOp SgMultiplyOp SgVarRefExp SgExprStatement SgDoubleVal (3.14159265358979323846 / 180.0) SgDivideOp SgDoubleVal 3.14159265358979323846 SgDoubleVal 180.0 SgVarRefExp SgMultiplyOp SgDoubleVal 3.14159265358979323846 SgDivideOp SgDoubleVal 180.0 SgDoubleVal (3.14159265358979323846 / 180.0) SgExprStatement SgIntVal 0 SgBasicBlock SgFunctionDefinition SgGlobal 
Unparsed: int main(){double A4;double MmP;double lP;double Lambdasun;((2) * MmP) *(3.14159265358979323846 / 180.0);MmP *(3.14159265358979323846 / 180.0);return 0;}
          SgFunctionDeclaration SgFunctionParameterList SgFunctionDefinition SgBasicBlock SgVariableDeclaration SgInitializedName SgVariableDeclaration SgInitializedName SgVariableDeclaration SgInitializedName SgVariableDeclaration SgInitializedName SgIntVal 2 SgDoubleVal (2) SgMultiplyOp SgMultiplyOp SgVarRefExp SgExprStatement SgDoubleVal (3.14159265358979323846 / 180.0) SgDivideOp SgDoubleVal 3.14159265358979323846 SgDoubleVal 180.0 SgVarRefExp SgMultiplyOp SgDoubleVal 3.14159265358979323846 SgDivideOp SgDoubleVal 180.0 SgDoubleVal (3.14159265358979323846 / 180.0) SgExprStatement SgIntVal 0 SgBasicBlock SgFunctionDefinition 
Unparsed: 
          SgFunctionParameterList 
Unparsed: int main(){double A4;double MmP;double lP;double Lambdasun;((2) * MmP) *(3.14159265358979323846 / 180.0);MmP *(3.14159265358979323846 / 180.0);return 0;}
          SgFunctionDefinition SgBasicBlock SgVariableDeclaration SgInitializedName SgVariableDeclaration SgInitializedName SgVariableDeclaration SgInitializedName SgVariableDeclaration SgInitializedName SgIntVal 2 SgDoubleVal (2) SgMultiplyOp SgMultiplyOp SgVarRefExp SgExprStatement SgDoubleVal (3.14159265358979323846 / 180.0) SgDivideOp SgDoubleVal 3.14159265358979323846 SgDoubleVal 180.0 SgVarRefExp SgMultiplyOp SgDoubleVal 3.14159265358979323846 SgDivideOp SgDoubleVal 180.0 SgDoubleVal (3.14159265358979323846 / 180.0) SgExprStatement SgIntVal 0 SgBasicBlock SgFunctionDefinition 
Unparsed: {double A4;double MmP;double lP;double Lambdasun;((2) * MmP) *(3.14159265358979323846 / 180.0);MmP *(3.14159265358979323846 / 180.0);return 0;}
          SgBasicBlock SgVariableDeclaration SgInitializedName SgVariableDeclaration SgInitializedName SgVariableDeclaration SgInitializedName SgVariableDeclaration SgInitializedName SgIntVal 2 SgDoubleVal (2) SgMultiplyOp SgMultiplyOp SgVarRefExp SgExprStatement SgDoubleVal (3.14159265358979323846 / 180.0) SgDivideOp SgDoubleVal 3.14159265358979323846 SgDoubleVal 180.0 SgVarRefExp SgMultiplyOp SgDoubleVal 3.14159265358979323846 SgDivideOp SgDoubleVal 180.0 SgDoubleVal (3.14159265358979323846 / 180.0) SgExprStatement SgIntVal 0 SgBasicBlock 
Unparsed: double A4;
          SgVariableDeclaration SgInitializedName 
Unparsed: A4
          
Unparsed: double MmP;
          SgVariableDeclaration SgInitializedName 
Unparsed: MmP
          
Unparsed: double lP;
          SgVariableDeclaration SgInitializedName 
Unparsed: lP
          
Unparsed: double Lambdasun;
          SgVariableDeclaration SgInitializedName 
Unparsed: Lambdasun
          
Unparsed: ((2) * MmP) *(3.14159265358979323846 / 180.0);
          SgIntVal 2 SgDoubleVal (2) SgMultiplyOp SgMultiplyOp SgVarRefExp SgExprStatement SgDoubleVal (3.14159265358979323846 / 180.0) SgDivideOp SgDoubleVal 3.14159265358979323846 SgDoubleVal 180.0 
Unparsed: ((2) * MmP) *(3.14159265358979323846 / 180.0)
          SgIntVal 2 SgDoubleVal (2) SgMultiplyOp SgMultiplyOp SgVarRefExp SgDoubleVal 3.14159265358979323846 SgDivideOp SgDoubleVal 180.0 SgDoubleVal (3.14159265358979323846 / 180.0) 
Unparsed: ((2) * MmP)
          SgIntVal 2 SgDoubleVal (2) SgMultiplyOp SgVarRefExp 
Unparsed: (2)
          SgIntVal 2 SgDoubleVal (2) 
Unparsed: (2)
          SgIntVal 2 
Unparsed: 2
          SgIntVal 2 
Unparsed: MmP
          SgVarRefExp 
Unparsed: (3.14159265358979323846 / 180.0)
          SgDoubleVal 3.14159265358979323846 SgDivideOp SgDoubleVal 180.0 SgDoubleVal (3.14159265358979323846 / 180.0) 
Unparsed: (3.14159265358979323846 / 180.0)
          SgDoubleVal 3.14159265358979323846 SgDivideOp SgDoubleVal 180.0 
Unparsed: 3.14159265358979323846
          SgDoubleVal 3.14159265358979323846 
Unparsed: 180.0
          SgDoubleVal 180.0 
Unparsed: MmP *(3.14159265358979323846 / 180.0);
          SgVarRefExp SgMultiplyOp SgDoubleVal 3.14159265358979323846 SgDivideOp SgDoubleVal 180.0 SgDoubleVal (3.14159265358979323846 / 180.0) SgExprStatement 
Unparsed: MmP *(3.14159265358979323846 / 180.0)
          SgVarRefExp SgMultiplyOp SgDoubleVal 3.14159265358979323846 SgDivideOp SgDoubleVal 180.0 SgDoubleVal (3.14159265358979323846 / 180.0) 
Unparsed: MmP
          SgVarRefExp 
Unparsed: (3.14159265358979323846 / 180.0)
          SgDoubleVal 3.14159265358979323846 SgDivideOp SgDoubleVal 180.0 SgDoubleVal (3.14159265358979323846 / 180.0) 
Unparsed: (3.14159265358979323846 / 180.0)
          SgDoubleVal 3.14159265358979323846 SgDivideOp SgDoubleVal 180.0 
Unparsed: 3.14159265358979323846
          SgDoubleVal 3.14159265358979323846 
Unparsed: 180.0
          SgDoubleVal 180.0 
Unparsed: return 0;
          SgIntVal 0 
Unparsed: 0
          SgIntVal 0 
