
Macro def at: test6.c l 1 c 9
FORMAL BODY: = x;
It has 0 calls to it


Macro def at: test6.c l 2 c 9
FORMAL BODY: 
It has 0 calls to it


Macro def at: test6.c l 3 c 9
FORMAL BODY: var = val
It has 2 calls to it

Macro Call at test6.c l 23 c 8EXPANDED: char *EndSentIg = "\"')]}>"
Matching AST: char *EndSentIg = "\"\')]}>";
 Corresponding Ast Nodes: SgAssignInitializer SgVariableDeclaration 
Is inconsistent with:
Macro Call at test6.c l 24 c 8EXPANDED: int EndSentIg1 = 1
Matching AST: int EndSentIg1 = 1;
 Corresponding Ast Nodes: SgAssignInitializer SgVariableDeclaration 
Is inconsistent with:

Macro def at: test6.c l 17 c 9
FORMAL BODY: (ValStack[ValStackPtr - Nargs + (x)])
It has 1 calls to it

Macro Call at test6.c l 25 c 1EXPANDED: (ValStack[ValStackPtr - Nargs + (0)])
Matching AST: ValStack[(ValStackPtr - Nargs) + 0];
 Corresponding Ast Nodes: SgVarRefExp SgVarRefExp SgVarRefExp SgSubtractOp SgAddOp 
Is inconsistent with:
