Unparsed: typedef struct __unnamed_class___F0_L5_C9__variable_declaration__variable_type_c_variable_name_type__DELIMITER___variable_declaration__variable_type__variable_name_v {char type;union __unnamed_class___F0_L7_C11_L0R_variable_declaration__variable_type___Pb__c__Pe___variable_name_L0R__scope__str__DELIMITER__L0R_variable_declaration__variable_type_i_variable_name_L0R__scope__val {char *str;int val;}v;}Value;extern Value ValStack[];extern int ValStackPtr;static int Nargs;int main(){char *EndSentIg = "\"\')]}>";int EndSentIg1 = 1;ValStack[(ValStackPtr - Nargs) + 0];return 0;}
          SgSourceFile 
Unparsed: typedef struct __unnamed_class___F0_L5_C9__variable_declaration__variable_type_c_variable_name_type__DELIMITER___variable_declaration__variable_type__variable_name_v {char type;union __unnamed_class___F0_L7_C11_L0R_variable_declaration__variable_type___Pb__c__Pe___variable_name_L0R__scope__str__DELIMITER__L0R_variable_declaration__variable_type_i_variable_name_L0R__scope__val {char *str;int val;}v;}Value;extern Value ValStack[];extern int ValStackPtr;static int Nargs;int main(){char *EndSentIg = "\"\')]}>";int EndSentIg1 = 1;ValStack[(ValStackPtr - Nargs) + 0];return 0;}
          SgGlobal 
Unparsed: typedef struct __unnamed_class___F0_L5_C9__variable_declaration__variable_type_c_variable_name_type__DELIMITER___variable_declaration__variable_type__variable_name_v {char type;union __unnamed_class___F0_L7_C11_L0R_variable_declaration__variable_type___Pb__c__Pe___variable_name_L0R__scope__str__DELIMITER__L0R_variable_declaration__variable_type_i_variable_name_L0R__scope__val {char *str;int val;}v;}Value;
          SgTypedefDeclaration 
Unparsed: struct ::__unnamed_class___F0_L5_C9__variable_declaration__variable_type_c_variable_name_type__DELIMITER___variable_declaration__variable_type__variable_name_v {char type;union __unnamed_class___F0_L7_C11_L0R_variable_declaration__variable_type___Pb__c__Pe___variable_name_L0R__scope__str__DELIMITER__L0R_variable_declaration__variable_type_i_variable_name_L0R__scope__val {char *str;int val;}v;};
          SgClassDeclaration 
Unparsed: struct ::__unnamed_class___F0_L5_C9__variable_declaration__variable_type_c_variable_name_type__DELIMITER___variable_declaration__variable_type__variable_name_v {char type;union __unnamed_class___F0_L7_C11_L0R_variable_declaration__variable_type___Pb__c__Pe___variable_name_L0R__scope__str__DELIMITER__L0R_variable_declaration__variable_type_i_variable_name_L0R__scope__val {char *str;int val;}v;}
          SgClassDefinition 
Unparsed: char type;
          SgVariableDeclaration SgInitializedName 
Unparsed: __unnamed_class___F0_L5_C9__variable_declaration__variable_type_c_variable_name_type__DELIMITER___variable_declaration__variable_type__variable_name_v::type
          SgInitializedName 
Unparsed: union __unnamed_class___F0_L7_C11_L0R_variable_declaration__variable_type___Pb__c__Pe___variable_name_L0R__scope__str__DELIMITER__L0R_variable_declaration__variable_type_i_variable_name_L0R__scope__val {char *str;int val;}v;
          SgVariableDeclaration SgInitializedName 
Unparsed: union ::__unnamed_class___F0_L5_C9__variable_declaration__variable_type_c_variable_name_type__DELIMITER___variable_declaration__variable_type__variable_name_v::__unnamed_class___F0_L7_C11_L0R_variable_declaration__variable_type___Pb__c__Pe___variable_name_L0R__scope__str__DELIMITER__L0R_variable_declaration__variable_type_i_variable_name_L0R__scope__val {char *str;int val;};
          SgClassDeclaration 
Unparsed: union ::__unnamed_class___F0_L5_C9__variable_declaration__variable_type_c_variable_name_type__DELIMITER___variable_declaration__variable_type__variable_name_v::__unnamed_class___F0_L7_C11_L0R_variable_declaration__variable_type___Pb__c__Pe___variable_name_L0R__scope__str__DELIMITER__L0R_variable_declaration__variable_type_i_variable_name_L0R__scope__val {char *str;int val;}
          SgClassDefinition 
Unparsed: char *str;
          SgVariableDeclaration SgInitializedName 
Unparsed: __unnamed_class___F0_L5_C9__variable_declaration__variable_type_c_variable_name_type__DELIMITER___variable_declaration__variable_type__variable_name_v::__unnamed_class___F0_L7_C11_L0R_variable_declaration__variable_type___Pb__c__Pe___variable_name_L0R__scope__str__DELIMITER__L0R_variable_declaration__variable_type_i_variable_name_L0R__scope__val::str
          SgInitializedName 
Unparsed: int val;
          SgVariableDeclaration SgInitializedName 
Unparsed: __unnamed_class___F0_L5_C9__variable_declaration__variable_type_c_variable_name_type__DELIMITER___variable_declaration__variable_type__variable_name_v::__unnamed_class___F0_L7_C11_L0R_variable_declaration__variable_type___Pb__c__Pe___variable_name_L0R__scope__str__DELIMITER__L0R_variable_declaration__variable_type_i_variable_name_L0R__scope__val::val
          SgInitializedName 
Unparsed: __unnamed_class___F0_L5_C9__variable_declaration__variable_type_c_variable_name_type__DELIMITER___variable_declaration__variable_type__variable_name_v::v
          SgInitializedName 
Unparsed: extern Value ValStack[];
          SgVariableDeclaration SgInitializedName 
Unparsed: ValStack
          SgInitializedName 
Unparsed: extern int ValStackPtr;
          SgVariableDeclaration SgInitializedName 
Unparsed: ValStackPtr
          SgInitializedName 
Unparsed: static int Nargs;
          SgVariableDeclaration SgInitializedName 
Unparsed: Nargs
          SgInitializedName 
Unparsed: int main(){char *EndSentIg = "\"\')]}>";int EndSentIg1 = 1;ValStack[(ValStackPtr - Nargs) + 0];return 0;}
          SgFunctionDeclaration 
Unparsed: 
          SgFunctionParameterList 
Unparsed: int main(){char *EndSentIg = "\"\')]}>";int EndSentIg1 = 1;ValStack[(ValStackPtr - Nargs) + 0];return 0;}
          SgFunctionDefinition 
Unparsed: {char *EndSentIg = "\"\')]}>";int EndSentIg1 = 1;ValStack[(ValStackPtr - Nargs) + 0];return 0;}
          SgBasicBlock 
Unparsed: char *EndSentIg = "\"\')]}>";
          SgVariableDeclaration SgInitializedName 
Unparsed: EndSentIg
          SgInitializedName 
Unparsed: "\"\')]}>"
          SgStringVal "\"\')]}>" SgStringVal "\"\')]}>" SgAssignInitializer 
Unparsed: "\"\')]}>"
          SgStringVal "\"\')]}>" SgStringVal "\"\')]}>" 
Unparsed: "\"\')]}>"
          SgStringVal "\"\')]}>" 
Unparsed: int EndSentIg1 = 1;
          SgVariableDeclaration SgInitializedName 
Unparsed: EndSentIg1
          SgInitializedName 
Unparsed: 1
          SgIntVal 1 SgAssignInitializer 
Unparsed: 1
          SgIntVal 1 
Unparsed: ValStack[(ValStackPtr - Nargs) + 0];
          SgVarRefExp SgPntrArrRefExp SgVarRefExp SgSubtractOp SgVarRefExp SgAddOp SgIntVal 0 SgIntVal 0 SgExprStatement 
Unparsed: ValStack[(ValStackPtr - Nargs) + 0]
          SgVarRefExp SgPntrArrRefExp SgVarRefExp SgSubtractOp SgVarRefExp SgAddOp SgIntVal 0 SgIntVal 0 
Unparsed: ValStack
          SgVarRefExp 
Unparsed: (ValStackPtr - Nargs) + 0
          SgVarRefExp SgSubtractOp SgVarRefExp SgAddOp SgIntVal 0 SgIntVal 0 
Unparsed: (ValStackPtr - Nargs)
          SgVarRefExp SgSubtractOp SgVarRefExp 
Unparsed: ValStackPtr
          SgVarRefExp 
Unparsed: Nargs
          SgVarRefExp 
Unparsed: 0
          SgIntVal 0 SgIntVal 0 
Unparsed: 0
          SgIntVal 0 
Unparsed: return 0;
          SgReturnStmt 
Unparsed: 0
          SgIntVal 0 
