
Macro def at: test2.c l 7 c 9
FORMAL BODY: i,j
It has 0 calls to it


Macro def at: test2.c l 8 c 9
FORMAL BODY: HYPRE_BOX_SMP_PRIVATE,hypre__nx,hypre__ny
It has 0 calls to it

