
Macro def at: test10.c l 11 c 9
FORMAL BODY: ( (dbuf)->allocatedLen < (dbuf)->len+1 ) ? (dbuf)->buffer[(dbuf)->len++] = c, (dbuf)->buffer[(dbuf)->len] = 0, 0 : DBufPutcFN((dbuf), c)
It has 2 calls to it

Macro Call at test10.c l 17 c 3EXPANDED: ( (buf)->allocatedLen < (buf)->len+1 ) ? (buf)->buffer[(buf)->len++] = '\v', (buf)->buffer[(buf)->len] = 0, 0 : DBufPutcFN((buf), '\v')
Matching AST: ((buf -> allocatedLen) <((buf -> len) + 1))?((((((buf -> buffer)[buf -> len++] =('\v')) ,((buf -> buffer)[buf -> len] =(0)))) , 0)) : DBufPutcFN(buf,('\v'));
 Corresponding Ast Nodes: SgVarRefExp SgVarRefExp SgIntVal SgAddOp SgLessThanOp SgVarRefExp SgVarRefExp SgPlusPlusOp SgAssignOp SgVarRefExp SgVarRefExp SgIntVal SgAssignOp SgCommaOpExp SgIntVal SgCommaOpExp SgConditionalExp 
Is inconsistent with:
Macro Call at test10.c l 18 c 3EXPANDED: ( (buf)->allocatedLen < (buf)->len+1 ) ? (buf)->buffer[(buf)->len++] = **in, (buf)->buffer[(buf)->len] = 0, 0 : DBufPutcFN((buf), **in)
Matching AST: ((buf -> allocatedLen) <((buf -> len) + 1))?((((((buf -> buffer)[buf -> len++] = *( *in)) ,((buf -> buffer)[buf -> len] =(0)))) , 0)) : DBufPutcFN(buf, *( *in));
 Corresponding Ast Nodes: SgVarRefExp SgVarRefExp SgIntVal SgAddOp SgLessThanOp SgVarRefExp SgVarRefExp SgPlusPlusOp SgAssignOp SgVarRefExp SgVarRefExp SgIntVal SgAssignOp SgCommaOpExp SgIntVal SgCommaOpExp SgConditionalExp 
Is inconsistent with:
