
Macro def at: test9.c l 2 c 16
FORMAL BODY: ((T*) foo(sizeof(T)*(n)))
It has 2 calls to it

Macro Call at test9.c l 7 c 9EXPANDED: ((char*) foo(sizeof(char)*(chars_max)))
Matching AST: (char *)(foo((((sizeof(char )) *(chars_max)))));
 Corresponding Ast Nodes: SgSizeOfOp SgMultiplyOp SgFunctionCallExp 
Is inconsistent with:
Macro Call at test9.c l 8 c 9EXPANDED: ((char const**) foo(sizeof(char const*)*(1 + argc + !!0 + 2*1 + 2)))
Matching AST: (const char **)(foo((((sizeof(const char *)) *(((((1 + argc) +(!1)) +(2 * 1)) + 2))))));
 Corresponding Ast Nodes: SgSizeOfOp SgMultiplyOp SgFunctionCallExp 
Is inconsistent with:
