
Macro def at: test3.c l 3 c 9
FORMAL BODY: (z ^ (x & (y ^ z)))
It has 0 calls to it


Macro def at: test3.c l 4 c 9
FORMAL BODY: F1(z, x, y)
It has 0 calls to it


Macro def at: test3.c l 5 c 9
FORMAL BODY: (x ^ y ^ z)
It has 0 calls to it


Macro def at: test3.c l 6 c 9
FORMAL BODY: (y ^ (x | ~z))
It has 0 calls to it


Macro def at: test3.c l 9 c 9
FORMAL BODY: ( w += f(x, y, z) + data,  w = w<<s | w>>(32-s),  w += x )
It has 69 calls to it

Macro Call at test3.c l 17 c 5EXPANDED: ( b += (d ^ (a & (c ^ d))) + in[12] + 0x8d2a4c8a,  b = b<<20 | b>>(32-20),  b += c )
Matching AST: ((((b +=(((d ^(a &(c ^ d))) +(in[12])) +(0x8d2a4c8a))) ,(b =((b << 20) |(b >>(32 - 20)))))) ,(b += c));
 Corresponding Ast Nodes: SgAddOp SgAddOp SgPlusAssignOp SgLshiftOp SgIntVal SgSubtractOp SgRshiftOp SgBitOrOp SgAssignOp SgCommaOpExp SgPlusAssignOp SgCommaOpExp 
Is inconsistent with:
Macro Call at test3.c l 19 c 5EXPANDED: ( a += (b ^ c ^ d) + in[5] + 0xfffa3942,  a = a<<4 | a>>(32-4),  a += b )
Matching AST: ((((a +=((((b ^ c) ^ d) +(in[5])) +(0xfffa3942))) ,(a =((a << 4) |(a >>(32 - 4)))))) ,(a += b));
 Corresponding Ast Nodes: SgAddOp SgAddOp SgPlusAssignOp SgLshiftOp SgIntVal SgSubtractOp SgRshiftOp SgBitOrOp SgAssignOp SgCommaOpExp SgPlusAssignOp SgCommaOpExp 
Is inconsistent with:
Macro Call at test3.c l 23 c 5EXPANDED: ( b += (c ^ d ^ a) + in[2] + 0xc4ac5665,  b = b<<23 | b>>(32-23),  b += c )
Matching AST: ((((b +=((((c ^ d) ^ a) +(in[2])) +(0xc4ac5665))) ,(b =((b << 23) |(b >>(32 - 23)))))) ,(b += c));
 Corresponding Ast Nodes: SgAddOp SgAddOp SgPlusAssignOp SgLshiftOp SgIntVal SgSubtractOp SgRshiftOp SgBitOrOp SgAssignOp SgCommaOpExp SgPlusAssignOp SgCommaOpExp 
Is inconsistent with:
Macro Call at test3.c l 25 c 5EXPANDED: ( a += (c ^ (b | ~d)) + in[0] + 0xf4292244,  a = a<<6 | a>>(32-6),  a += b )
Matching AST: ((((a +=(((c ^(b | ~d)) +(in[0])) +(0xf4292244))) ,(a =((a << 6) |(a >>(32 - 6)))))) ,(a += b));
 Corresponding Ast Nodes: SgAddOp SgAddOp SgPlusAssignOp SgLshiftOp SgIntVal SgSubtractOp SgRshiftOp SgBitOrOp SgAssignOp SgCommaOpExp SgPlusAssignOp SgCommaOpExp 
Is inconsistent with:
Macro Call at test3.c l 27 c 5EXPANDED: ( b += (d ^ (c | ~a)) + in[5] + 0xfc93a039,  b = b<<21 | b>>(32-21),  b += c )
Matching AST: ((((b +=(((d ^(c | ~a)) +(in[5])) +(0xfc93a039))) ,(b =((b << 21) |(b >>(32 - 21)))))) ,(b += c));
 Corresponding Ast Nodes: SgAddOp SgAddOp SgPlusAssignOp SgLshiftOp SgIntVal SgSubtractOp SgRshiftOp SgBitOrOp SgAssignOp SgCommaOpExp SgPlusAssignOp SgCommaOpExp 
Is inconsistent with:
Macro Call at test3.c l 28 c 5EXPANDED: ( a += (c ^ (b | ~d)) + in[12] + 0x655b59c3,  a = a<<6 | a>>(32-6),  a += b )
Matching AST: ((((a +=(((c ^(b | ~d)) +(in[12])) +(0x655b59c3))) ,(a =((a << 6) |(a >>(32 - 6)))))) ,(a += b));
 Corresponding Ast Nodes: SgAddOp SgAddOp SgPlusAssignOp SgLshiftOp SgIntVal SgSubtractOp SgRshiftOp SgBitOrOp SgAssignOp SgCommaOpExp SgPlusAssignOp SgCommaOpExp 
Is inconsistent with:
Macro Call at test3.c l 29 c 5EXPANDED: ( b += (d ^ (c | ~a)) + in[13] + 0x4e0811a1,  b = b<<21 | b>>(32-21),  b += c )
Matching AST: ((((b +=(((d ^(c | ~a)) +(in[13])) +(0x4e0811a1))) ,(b =((b << 21) |(b >>(32 - 21)))))) ,(b += c));
 Corresponding Ast Nodes: SgAddOp SgAddOp SgPlusAssignOp SgLshiftOp SgIntVal SgSubtractOp SgRshiftOp SgBitOrOp SgAssignOp SgCommaOpExp SgPlusAssignOp SgCommaOpExp 
Is inconsistent with:
Macro Call at test3.c l 31 c 5EXPANDED: ( a += (d ^ (b & (c ^ d))) + in[0] + 0xd76aa478,  a = a<<7 | a>>(32-7),  a += b )
Matching AST: ((((a +=(((d ^(b &(c ^ d))) +(in[0])) +(0xd76aa478))) ,(a =((a << 7) |(a >>(32 - 7)))))) ,(a += b));
 Corresponding Ast Nodes: SgAddOp SgAddOp SgPlusAssignOp SgLshiftOp SgIntVal SgSubtractOp SgRshiftOp SgBitOrOp SgAssignOp SgCommaOpExp SgPlusAssignOp SgCommaOpExp 
Is inconsistent with:
Macro Call at test3.c l 32 c 5EXPANDED: ( d += (c ^ (a & (b ^ c))) + in[1] + 0xe8c7b756,  d = d<<12 | d>>(32-12),  d += a )
Matching AST: ((((d +=(((c ^(a &(b ^ c))) +(in[1])) +(0xe8c7b756))) ,(d =((d << 12) |(d >>(32 - 12)))))) ,(d += a));
 Corresponding Ast Nodes: SgAddOp SgAddOp SgPlusAssignOp SgLshiftOp SgIntVal SgSubtractOp SgRshiftOp SgBitOrOp SgAssignOp SgCommaOpExp SgPlusAssignOp SgCommaOpExp 
Is inconsistent with:
Macro Call at test3.c l 33 c 5EXPANDED: ( c += (b ^ (d & (a ^ b))) + in[2] + 0x242070db,  c = c<<17 | c>>(32-17),  c += d )
Matching AST: ((((c +=(((b ^(d &(a ^ b))) +(in[2])) +(0x242070db))) ,(c =((c << 17) |(c >>(32 - 17)))))) ,(c += d));
 Corresponding Ast Nodes: SgAddOp SgAddOp SgPlusAssignOp SgLshiftOp SgIntVal SgSubtractOp SgRshiftOp SgBitOrOp SgAssignOp SgCommaOpExp SgPlusAssignOp SgCommaOpExp 
Is inconsistent with:
Macro Call at test3.c l 34 c 5EXPANDED: ( b += (a ^ (c & (d ^ a))) + in[3] + 0xc1bdceee,  b = b<<22 | b>>(32-22),  b += c )
Matching AST: ((((b +=(((a ^(c &(d ^ a))) +(in[3])) +(0xc1bdceee))) ,(b =((b << 22) |(b >>(32 - 22)))))) ,(b += c));
 Corresponding Ast Nodes: SgAddOp SgAddOp SgPlusAssignOp SgLshiftOp SgIntVal SgSubtractOp SgRshiftOp SgBitOrOp SgAssignOp SgCommaOpExp SgPlusAssignOp SgCommaOpExp 
Is inconsistent with:
Macro Call at test3.c l 35 c 5EXPANDED: ( a += (d ^ (b & (c ^ d))) + in[4] + 0xf57c0faf,  a = a<<7 | a>>(32-7),  a += b )
Matching AST: ((((a +=(((d ^(b &(c ^ d))) +(in[4])) +(0xf57c0faf))) ,(a =((a << 7) |(a >>(32 - 7)))))) ,(a += b));
 Corresponding Ast Nodes: SgAddOp SgAddOp SgPlusAssignOp SgLshiftOp SgIntVal SgSubtractOp SgRshiftOp SgBitOrOp SgAssignOp SgCommaOpExp SgPlusAssignOp SgCommaOpExp 
Is inconsistent with:
Macro Call at test3.c l 36 c 5EXPANDED: ( d += (c ^ (a & (b ^ c))) + in[5] + 0x4787c62a,  d = d<<12 | d>>(32-12),  d += a )
Matching AST: ((((d +=(((c ^(a &(b ^ c))) +(in[5])) +(0x4787c62a))) ,(d =((d << 12) |(d >>(32 - 12)))))) ,(d += a));
 Corresponding Ast Nodes: SgAddOp SgAddOp SgPlusAssignOp SgLshiftOp SgIntVal SgSubtractOp SgRshiftOp SgBitOrOp SgAssignOp SgCommaOpExp SgPlusAssignOp SgCommaOpExp 
Is inconsistent with:
Macro Call at test3.c l 37 c 5EXPANDED: ( c += (b ^ (d & (a ^ b))) + in[6] + 0xa8304613,  c = c<<17 | c>>(32-17),  c += d )
Matching AST: ((((c +=(((b ^(d &(a ^ b))) +(in[6])) +(0xa8304613))) ,(c =((c << 17) |(c >>(32 - 17)))))) ,(c += d));
 Corresponding Ast Nodes: SgAddOp SgAddOp SgPlusAssignOp SgLshiftOp SgIntVal SgSubtractOp SgRshiftOp SgBitOrOp SgAssignOp SgCommaOpExp SgPlusAssignOp SgCommaOpExp 
Is inconsistent with:
Macro Call at test3.c l 38 c 5EXPANDED: ( b += (a ^ (c & (d ^ a))) + in[7] + 0xfd469501,  b = b<<22 | b>>(32-22),  b += c )
Matching AST: ((((b +=(((a ^(c &(d ^ a))) +(in[7])) +(0xfd469501))) ,(b =((b << 22) |(b >>(32 - 22)))))) ,(b += c));
 Corresponding Ast Nodes: SgAddOp SgAddOp SgPlusAssignOp SgLshiftOp SgIntVal SgSubtractOp SgRshiftOp SgBitOrOp SgAssignOp SgCommaOpExp SgPlusAssignOp SgCommaOpExp 
Is inconsistent with:
Macro Call at test3.c l 39 c 5EXPANDED: ( a += (d ^ (b & (c ^ d))) + in[8] + 0x698098d8,  a = a<<7 | a>>(32-7),  a += b )
Matching AST: ((((a +=(((d ^(b &(c ^ d))) +(in[8])) +(0x698098d8))) ,(a =((a << 7) |(a >>(32 - 7)))))) ,(a += b));
 Corresponding Ast Nodes: SgAddOp SgAddOp SgPlusAssignOp SgLshiftOp SgIntVal SgSubtractOp SgRshiftOp SgBitOrOp SgAssignOp SgCommaOpExp SgPlusAssignOp SgCommaOpExp 
Is inconsistent with:
Macro Call at test3.c l 40 c 5EXPANDED: ( d += (c ^ (a & (b ^ c))) + in[9] + 0x8b44f7af,  d = d<<12 | d>>(32-12),  d += a )
Matching AST: ((((d +=(((c ^(a &(b ^ c))) +(in[9])) +(0x8b44f7af))) ,(d =((d << 12) |(d >>(32 - 12)))))) ,(d += a));
 Corresponding Ast Nodes: SgAddOp SgAddOp SgPlusAssignOp SgLshiftOp SgIntVal SgSubtractOp SgRshiftOp SgBitOrOp SgAssignOp SgCommaOpExp SgPlusAssignOp SgCommaOpExp 
Is inconsistent with:
Macro Call at test3.c l 41 c 5EXPANDED: ( c += (b ^ (d & (a ^ b))) + in[10] + 0xffff5bb1,  c = c<<17 | c>>(32-17),  c += d )
Matching AST: ((((c +=(((b ^(d &(a ^ b))) +(in[10])) +(0xffff5bb1))) ,(c =((c << 17) |(c >>(32 - 17)))))) ,(c += d));
 Corresponding Ast Nodes: SgAddOp SgAddOp SgPlusAssignOp SgLshiftOp SgIntVal SgSubtractOp SgRshiftOp SgBitOrOp SgAssignOp SgCommaOpExp SgPlusAssignOp SgCommaOpExp 
Is inconsistent with:
Macro Call at test3.c l 42 c 5EXPANDED: ( b += (a ^ (c & (d ^ a))) + in[11] + 0x895cd7be,  b = b<<22 | b>>(32-22),  b += c )
Matching AST: ((((b +=(((a ^(c &(d ^ a))) +(in[11])) +(0x895cd7be))) ,(b =((b << 22) |(b >>(32 - 22)))))) ,(b += c));
 Corresponding Ast Nodes: SgAddOp SgAddOp SgPlusAssignOp SgLshiftOp SgIntVal SgSubtractOp SgRshiftOp SgBitOrOp SgAssignOp SgCommaOpExp SgPlusAssignOp SgCommaOpExp 
Is inconsistent with:
Macro Call at test3.c l 43 c 5EXPANDED: ( a += (d ^ (b & (c ^ d))) + in[12] + 0x6b901122,  a = a<<7 | a>>(32-7),  a += b )
Matching AST: ((((a +=(((d ^(b &(c ^ d))) +(in[12])) +(0x6b901122))) ,(a =((a << 7) |(a >>(32 - 7)))))) ,(a += b));
 Corresponding Ast Nodes: SgAddOp SgAddOp SgPlusAssignOp SgLshiftOp SgIntVal SgSubtractOp SgRshiftOp SgBitOrOp SgAssignOp SgCommaOpExp SgPlusAssignOp SgCommaOpExp 
Is inconsistent with:
Macro Call at test3.c l 44 c 5EXPANDED: ( d += (c ^ (a & (b ^ c))) + in[13] + 0xfd987193,  d = d<<12 | d>>(32-12),  d += a )
Matching AST: ((((d +=(((c ^(a &(b ^ c))) +(in[13])) +(0xfd987193))) ,(d =((d << 12) |(d >>(32 - 12)))))) ,(d += a));
 Corresponding Ast Nodes: SgAddOp SgAddOp SgPlusAssignOp SgLshiftOp SgIntVal SgSubtractOp SgRshiftOp SgBitOrOp SgAssignOp SgCommaOpExp SgPlusAssignOp SgCommaOpExp 
Is inconsistent with:
Macro Call at test3.c l 45 c 5EXPANDED: ( c += (b ^ (d & (a ^ b))) + in[14] + 0xa679438e,  c = c<<17 | c>>(32-17),  c += d )
Matching AST: ((((c +=(((b ^(d &(a ^ b))) +(in[14])) +(0xa679438e))) ,(c =((c << 17) |(c >>(32 - 17)))))) ,(c += d));
 Corresponding Ast Nodes: SgAddOp SgAddOp SgPlusAssignOp SgLshiftOp SgIntVal SgSubtractOp SgRshiftOp SgBitOrOp SgAssignOp SgCommaOpExp SgPlusAssignOp SgCommaOpExp 
Is inconsistent with:
Macro Call at test3.c l 46 c 5EXPANDED: ( b += (a ^ (c & (d ^ a))) + in[15] + 0x49b40821,  b = b<<22 | b>>(32-22),  b += c )
Matching AST: ((((b +=(((a ^(c &(d ^ a))) +(in[15])) +(0x49b40821))) ,(b =((b << 22) |(b >>(32 - 22)))))) ,(b += c));
 Corresponding Ast Nodes: SgAddOp SgAddOp SgPlusAssignOp SgLshiftOp SgIntVal SgSubtractOp SgRshiftOp SgBitOrOp SgAssignOp SgCommaOpExp SgPlusAssignOp SgCommaOpExp 
Is inconsistent with:
Macro Call at test3.c l 48 c 5EXPANDED: ( a += (c ^ (d & (b ^ c))) + in[1] + 0xf61e2562,  a = a<<5 | a>>(32-5),  a += b )
Matching AST: ((((a +=(((c ^(d &(b ^ c))) +(in[1])) +(0xf61e2562))) ,(a =((a << 5) |(a >>(32 - 5)))))) ,(a += b));
 Corresponding Ast Nodes: SgAddOp SgAddOp SgPlusAssignOp SgLshiftOp SgIntVal SgSubtractOp SgRshiftOp SgBitOrOp SgAssignOp SgCommaOpExp SgPlusAssignOp SgCommaOpExp 
Is inconsistent with:
Macro Call at test3.c l 49 c 5EXPANDED: ( d += (b ^ (c & (a ^ b))) + in[6] + 0xc040b340,  d = d<<9 | d>>(32-9),  d += a )
Matching AST: ((((d +=(((b ^(c &(a ^ b))) +(in[6])) +(0xc040b340))) ,(d =((d << 9) |(d >>(32 - 9)))))) ,(d += a));
 Corresponding Ast Nodes: SgAddOp SgAddOp SgPlusAssignOp SgLshiftOp SgIntVal SgSubtractOp SgRshiftOp SgBitOrOp SgAssignOp SgCommaOpExp SgPlusAssignOp SgCommaOpExp 
Is inconsistent with:
Macro Call at test3.c l 50 c 5EXPANDED: ( c += (a ^ (b & (d ^ a))) + in[11] + 0x265e5a51,  c = c<<14 | c>>(32-14),  c += d )
Matching AST: ((((c +=(((a ^(b &(d ^ a))) +(in[11])) +(0x265e5a51))) ,(c =((c << 14) |(c >>(32 - 14)))))) ,(c += d));
 Corresponding Ast Nodes: SgAddOp SgAddOp SgPlusAssignOp SgLshiftOp SgIntVal SgSubtractOp SgRshiftOp SgBitOrOp SgAssignOp SgCommaOpExp SgPlusAssignOp SgCommaOpExp 
Is inconsistent with:
Macro Call at test3.c l 51 c 5EXPANDED: ( b += (d ^ (a & (c ^ d))) + in[0] + 0xe9b6c7aa,  b = b<<20 | b>>(32-20),  b += c )
Matching AST: ((((b +=(((d ^(a &(c ^ d))) +(in[0])) +(0xe9b6c7aa))) ,(b =((b << 20) |(b >>(32 - 20)))))) ,(b += c));
 Corresponding Ast Nodes: SgAddOp SgAddOp SgPlusAssignOp SgLshiftOp SgIntVal SgSubtractOp SgRshiftOp SgBitOrOp SgAssignOp SgCommaOpExp SgPlusAssignOp SgCommaOpExp 
Is inconsistent with:
Macro Call at test3.c l 52 c 5EXPANDED: ( a += (c ^ (d & (b ^ c))) + in[5] + 0xd62f105d,  a = a<<5 | a>>(32-5),  a += b )
Matching AST: ((((a +=(((c ^(d &(b ^ c))) +(in[5])) +(0xd62f105d))) ,(a =((a << 5) |(a >>(32 - 5)))))) ,(a += b));
 Corresponding Ast Nodes: SgAddOp SgAddOp SgPlusAssignOp SgLshiftOp SgIntVal SgSubtractOp SgRshiftOp SgBitOrOp SgAssignOp SgCommaOpExp SgPlusAssignOp SgCommaOpExp 
Is inconsistent with:
Macro Call at test3.c l 53 c 5EXPANDED: ( d += (b ^ (c & (a ^ b))) + in[10] + 0x02441453,  d = d<<9 | d>>(32-9),  d += a )
Matching AST: ((((d +=(((b ^(c &(a ^ b))) +(in[10])) +(0x02441453))) ,(d =((d << 9) |(d >>(32 - 9)))))) ,(d += a));
 Corresponding Ast Nodes: SgAddOp SgAddOp SgPlusAssignOp SgLshiftOp SgIntVal SgSubtractOp SgRshiftOp SgBitOrOp SgAssignOp SgCommaOpExp SgPlusAssignOp SgCommaOpExp 
Is inconsistent with:
Macro Call at test3.c l 54 c 5EXPANDED: ( c += (a ^ (b & (d ^ a))) + in[15] + 0xd8a1e681,  c = c<<14 | c>>(32-14),  c += d )
Matching AST: ((((c +=(((a ^(b &(d ^ a))) +(in[15])) +(0xd8a1e681))) ,(c =((c << 14) |(c >>(32 - 14)))))) ,(c += d));
 Corresponding Ast Nodes: SgAddOp SgAddOp SgPlusAssignOp SgLshiftOp SgIntVal SgSubtractOp SgRshiftOp SgBitOrOp SgAssignOp SgCommaOpExp SgPlusAssignOp SgCommaOpExp 
Is inconsistent with:
Macro Call at test3.c l 55 c 5EXPANDED: ( b += (d ^ (a & (c ^ d))) + in[4] + 0xe7d3fbc8,  b = b<<20 | b>>(32-20),  b += c )
Matching AST: ((((b +=(((d ^(a &(c ^ d))) +(in[4])) +(0xe7d3fbc8))) ,(b =((b << 20) |(b >>(32 - 20)))))) ,(b += c));
 Corresponding Ast Nodes: SgAddOp SgAddOp SgPlusAssignOp SgLshiftOp SgIntVal SgSubtractOp SgRshiftOp SgBitOrOp SgAssignOp SgCommaOpExp SgPlusAssignOp SgCommaOpExp 
Is inconsistent with:
Macro Call at test3.c l 56 c 5EXPANDED: ( a += (c ^ (d & (b ^ c))) + in[9] + 0x21e1cde6,  a = a<<5 | a>>(32-5),  a += b )
Matching AST: ((((a +=(((c ^(d &(b ^ c))) +(in[9])) +(0x21e1cde6))) ,(a =((a << 5) |(a >>(32 - 5)))))) ,(a += b));
 Corresponding Ast Nodes: SgAddOp SgAddOp SgPlusAssignOp SgLshiftOp SgIntVal SgSubtractOp SgRshiftOp SgBitOrOp SgAssignOp SgCommaOpExp SgPlusAssignOp SgCommaOpExp 
Is inconsistent with:
Macro Call at test3.c l 57 c 5EXPANDED: ( d += (b ^ (c & (a ^ b))) + in[14] + 0xc33707d6,  d = d<<9 | d>>(32-9),  d += a )
Matching AST: ((((d +=(((b ^(c &(a ^ b))) +(in[14])) +(0xc33707d6))) ,(d =((d << 9) |(d >>(32 - 9)))))) ,(d += a));
 Corresponding Ast Nodes: SgAddOp SgAddOp SgPlusAssignOp SgLshiftOp SgIntVal SgSubtractOp SgRshiftOp SgBitOrOp SgAssignOp SgCommaOpExp SgPlusAssignOp SgCommaOpExp 
Is inconsistent with:
Macro Call at test3.c l 58 c 5EXPANDED: ( c += (a ^ (b & (d ^ a))) + in[3] + 0xf4d50d87,  c = c<<14 | c>>(32-14),  c += d )
Matching AST: ((((c +=(((a ^(b &(d ^ a))) +(in[3])) +(0xf4d50d87))) ,(c =((c << 14) |(c >>(32 - 14)))))) ,(c += d));
 Corresponding Ast Nodes: SgAddOp SgAddOp SgPlusAssignOp SgLshiftOp SgIntVal SgSubtractOp SgRshiftOp SgBitOrOp SgAssignOp SgCommaOpExp SgPlusAssignOp SgCommaOpExp 
Is inconsistent with:
Macro Call at test3.c l 59 c 5EXPANDED: ( b += (d ^ (a & (c ^ d))) + in[8] + 0x455a14ed,  b = b<<20 | b>>(32-20),  b += c )
Matching AST: ((((b +=(((d ^(a &(c ^ d))) +(in[8])) +(0x455a14ed))) ,(b =((b << 20) |(b >>(32 - 20)))))) ,(b += c));
 Corresponding Ast Nodes: SgAddOp SgAddOp SgPlusAssignOp SgLshiftOp SgIntVal SgSubtractOp SgRshiftOp SgBitOrOp SgAssignOp SgCommaOpExp SgPlusAssignOp SgCommaOpExp 
Is inconsistent with:
Macro Call at test3.c l 60 c 5EXPANDED: ( a += (c ^ (d & (b ^ c))) + in[13] + 0xa9e3e905,  a = a<<5 | a>>(32-5),  a += b )
Matching AST: ((((a +=(((c ^(d &(b ^ c))) +(in[13])) +(0xa9e3e905))) ,(a =((a << 5) |(a >>(32 - 5)))))) ,(a += b));
 Corresponding Ast Nodes: SgAddOp SgAddOp SgPlusAssignOp SgLshiftOp SgIntVal SgSubtractOp SgRshiftOp SgBitOrOp SgAssignOp SgCommaOpExp SgPlusAssignOp SgCommaOpExp 
Is inconsistent with:
Macro Call at test3.c l 61 c 5EXPANDED: ( d += (b ^ (c & (a ^ b))) + in[2] + 0xfcefa3f8,  d = d<<9 | d>>(32-9),  d += a )
Matching AST: ((((d +=(((b ^(c &(a ^ b))) +(in[2])) +(0xfcefa3f8))) ,(d =((d << 9) |(d >>(32 - 9)))))) ,(d += a));
 Corresponding Ast Nodes: SgAddOp SgAddOp SgPlusAssignOp SgLshiftOp SgIntVal SgSubtractOp SgRshiftOp SgBitOrOp SgAssignOp SgCommaOpExp SgPlusAssignOp SgCommaOpExp 
Is inconsistent with:
Macro Call at test3.c l 62 c 5EXPANDED: ( c += (a ^ (b & (d ^ a))) + in[7] + 0x676f02d9,  c = c<<14 | c>>(32-14),  c += d )
Matching AST: ((((c +=(((a ^(b &(d ^ a))) +(in[7])) +(0x676f02d9))) ,(c =((c << 14) |(c >>(32 - 14)))))) ,(c += d));
 Corresponding Ast Nodes: SgAddOp SgAddOp SgPlusAssignOp SgLshiftOp SgIntVal SgSubtractOp SgRshiftOp SgBitOrOp SgAssignOp SgCommaOpExp SgPlusAssignOp SgCommaOpExp 
Is inconsistent with:
Macro Call at test3.c l 63 c 5EXPANDED: ( b += (d ^ (a & (c ^ d))) + in[12] + 0x8d2a4c8a,  b = b<<20 | b>>(32-20),  b += c )
Matching AST: ((((b +=(((d ^(a &(c ^ d))) +(in[12])) +(0x8d2a4c8a))) ,(b =((b << 20) |(b >>(32 - 20)))))) ,(b += c));
 Corresponding Ast Nodes: SgAddOp SgAddOp SgPlusAssignOp SgLshiftOp SgIntVal SgSubtractOp SgRshiftOp SgBitOrOp SgAssignOp SgCommaOpExp SgPlusAssignOp SgCommaOpExp 
Is inconsistent with:
Macro Call at test3.c l 65 c 5EXPANDED: ( a += (b ^ c ^ d) + in[5] + 0xfffa3942,  a = a<<4 | a>>(32-4),  a += b )
Matching AST: ((((a +=((((b ^ c) ^ d) +(in[5])) +(0xfffa3942))) ,(a =((a << 4) |(a >>(32 - 4)))))) ,(a += b));
 Corresponding Ast Nodes: SgAddOp SgAddOp SgPlusAssignOp SgLshiftOp SgIntVal SgSubtractOp SgRshiftOp SgBitOrOp SgAssignOp SgCommaOpExp SgPlusAssignOp SgCommaOpExp 
Is inconsistent with:
Macro Call at test3.c l 66 c 5EXPANDED: ( d += (a ^ b ^ c) + in[8] + 0x8771f681,  d = d<<11 | d>>(32-11),  d += a )
Matching AST: ((((d +=((((a ^ b) ^ c) +(in[8])) +(0x8771f681))) ,(d =((d << 11) |(d >>(32 - 11)))))) ,(d += a));
 Corresponding Ast Nodes: SgAddOp SgAddOp SgPlusAssignOp SgLshiftOp SgIntVal SgSubtractOp SgRshiftOp SgBitOrOp SgAssignOp SgCommaOpExp SgPlusAssignOp SgCommaOpExp 
Is inconsistent with:
Macro Call at test3.c l 67 c 5EXPANDED: ( c += (d ^ a ^ b) + in[11] + 0x6d9d6122,  c = c<<16 | c>>(32-16),  c += d )
Matching AST: ((((c +=((((d ^ a) ^ b) +(in[11])) +(0x6d9d6122))) ,(c =((c << 16) |(c >>(32 - 16)))))) ,(c += d));
 Corresponding Ast Nodes: SgAddOp SgAddOp SgPlusAssignOp SgLshiftOp SgIntVal SgSubtractOp SgRshiftOp SgBitOrOp SgAssignOp SgCommaOpExp SgPlusAssignOp SgCommaOpExp 
Is inconsistent with:
Macro Call at test3.c l 68 c 5EXPANDED: ( b += (c ^ d ^ a) + in[14] + 0xfde5380c,  b = b<<23 | b>>(32-23),  b += c )
Matching AST: ((((b +=((((c ^ d) ^ a) +(in[14])) +(0xfde5380c))) ,(b =((b << 23) |(b >>(32 - 23)))))) ,(b += c));
 Corresponding Ast Nodes: SgAddOp SgAddOp SgPlusAssignOp SgLshiftOp SgIntVal SgSubtractOp SgRshiftOp SgBitOrOp SgAssignOp SgCommaOpExp SgPlusAssignOp SgCommaOpExp 
Is inconsistent with:
Macro Call at test3.c l 69 c 5EXPANDED: ( a += (b ^ c ^ d) + in[1] + 0xa4beea44,  a = a<<4 | a>>(32-4),  a += b )
Matching AST: ((((a +=((((b ^ c) ^ d) +(in[1])) +(0xa4beea44))) ,(a =((a << 4) |(a >>(32 - 4)))))) ,(a += b));
 Corresponding Ast Nodes: SgAddOp SgAddOp SgPlusAssignOp SgLshiftOp SgIntVal SgSubtractOp SgRshiftOp SgBitOrOp SgAssignOp SgCommaOpExp SgPlusAssignOp SgCommaOpExp 
Is inconsistent with:
Macro Call at test3.c l 70 c 5EXPANDED: ( d += (a ^ b ^ c) + in[4] + 0x4bdecfa9,  d = d<<11 | d>>(32-11),  d += a )
Matching AST: ((((d +=((((a ^ b) ^ c) +(in[4])) +(0x4bdecfa9))) ,(d =((d << 11) |(d >>(32 - 11)))))) ,(d += a));
 Corresponding Ast Nodes: SgAddOp SgAddOp SgPlusAssignOp SgLshiftOp SgIntVal SgSubtractOp SgRshiftOp SgBitOrOp SgAssignOp SgCommaOpExp SgPlusAssignOp SgCommaOpExp 
Is inconsistent with:
Macro Call at test3.c l 71 c 5EXPANDED: ( c += (d ^ a ^ b) + in[7] + 0xf6bb4b60,  c = c<<16 | c>>(32-16),  c += d )
Matching AST: ((((c +=((((d ^ a) ^ b) +(in[7])) +(0xf6bb4b60))) ,(c =((c << 16) |(c >>(32 - 16)))))) ,(c += d));
 Corresponding Ast Nodes: SgAddOp SgAddOp SgPlusAssignOp SgLshiftOp SgIntVal SgSubtractOp SgRshiftOp SgBitOrOp SgAssignOp SgCommaOpExp SgPlusAssignOp SgCommaOpExp 
Is inconsistent with:
Macro Call at test3.c l 72 c 5EXPANDED: ( b += (c ^ d ^ a) + in[10] + 0xbebfbc70,  b = b<<23 | b>>(32-23),  b += c )
Matching AST: ((((b +=((((c ^ d) ^ a) +(in[10])) +(0xbebfbc70))) ,(b =((b << 23) |(b >>(32 - 23)))))) ,(b += c));
 Corresponding Ast Nodes: SgAddOp SgAddOp SgPlusAssignOp SgLshiftOp SgIntVal SgSubtractOp SgRshiftOp SgBitOrOp SgAssignOp SgCommaOpExp SgPlusAssignOp SgCommaOpExp 
Is inconsistent with:
Macro Call at test3.c l 73 c 5EXPANDED: ( a += (b ^ c ^ d) + in[13] + 0x289b7ec6,  a = a<<4 | a>>(32-4),  a += b )
Matching AST: ((((a +=((((b ^ c) ^ d) +(in[13])) +(0x289b7ec6))) ,(a =((a << 4) |(a >>(32 - 4)))))) ,(a += b));
 Corresponding Ast Nodes: SgAddOp SgAddOp SgPlusAssignOp SgLshiftOp SgIntVal SgSubtractOp SgRshiftOp SgBitOrOp SgAssignOp SgCommaOpExp SgPlusAssignOp SgCommaOpExp 
Is inconsistent with:
Macro Call at test3.c l 74 c 5EXPANDED: ( d += (a ^ b ^ c) + in[0] + 0xeaa127fa,  d = d<<11 | d>>(32-11),  d += a )
Matching AST: ((((d +=((((a ^ b) ^ c) +(in[0])) +(0xeaa127fa))) ,(d =((d << 11) |(d >>(32 - 11)))))) ,(d += a));
 Corresponding Ast Nodes: SgAddOp SgAddOp SgPlusAssignOp SgLshiftOp SgIntVal SgSubtractOp SgRshiftOp SgBitOrOp SgAssignOp SgCommaOpExp SgPlusAssignOp SgCommaOpExp 
Is inconsistent with:
Macro Call at test3.c l 75 c 5EXPANDED: ( c += (d ^ a ^ b) + in[3] + 0xd4ef3085,  c = c<<16 | c>>(32-16),  c += d )
Matching AST: ((((c +=((((d ^ a) ^ b) +(in[3])) +(0xd4ef3085))) ,(c =((c << 16) |(c >>(32 - 16)))))) ,(c += d));
 Corresponding Ast Nodes: SgAddOp SgAddOp SgPlusAssignOp SgLshiftOp SgIntVal SgSubtractOp SgRshiftOp SgBitOrOp SgAssignOp SgCommaOpExp SgPlusAssignOp SgCommaOpExp 
Is inconsistent with:
Macro Call at test3.c l 76 c 5EXPANDED: ( b += (c ^ d ^ a) + in[6] + 0x04881d05,  b = b<<23 | b>>(32-23),  b += c )
Matching AST: ((((b +=((((c ^ d) ^ a) +(in[6])) +(0x04881d05))) ,(b =((b << 23) |(b >>(32 - 23)))))) ,(b += c));
 Corresponding Ast Nodes: SgAddOp SgAddOp SgPlusAssignOp SgLshiftOp SgIntVal SgSubtractOp SgRshiftOp SgBitOrOp SgAssignOp SgCommaOpExp SgPlusAssignOp SgCommaOpExp 
Is inconsistent with:
Macro Call at test3.c l 77 c 5EXPANDED: ( a += (b ^ c ^ d) + in[9] + 0xd9d4d039,  a = a<<4 | a>>(32-4),  a += b )
Matching AST: ((((a +=((((b ^ c) ^ d) +(in[9])) +(0xd9d4d039))) ,(a =((a << 4) |(a >>(32 - 4)))))) ,(a += b));
 Corresponding Ast Nodes: SgAddOp SgAddOp SgPlusAssignOp SgLshiftOp SgIntVal SgSubtractOp SgRshiftOp SgBitOrOp SgAssignOp SgCommaOpExp SgPlusAssignOp SgCommaOpExp 
Is inconsistent with:
Macro Call at test3.c l 78 c 5EXPANDED: ( d += (a ^ b ^ c) + in[12] + 0xe6db99e5,  d = d<<11 | d>>(32-11),  d += a )
Matching AST: ((((d +=((((a ^ b) ^ c) +(in[12])) +(0xe6db99e5))) ,(d =((d << 11) |(d >>(32 - 11)))))) ,(d += a));
 Corresponding Ast Nodes: SgAddOp SgAddOp SgPlusAssignOp SgLshiftOp SgIntVal SgSubtractOp SgRshiftOp SgBitOrOp SgAssignOp SgCommaOpExp SgPlusAssignOp SgCommaOpExp 
Is inconsistent with:
Macro Call at test3.c l 79 c 5EXPANDED: ( c += (d ^ a ^ b) + in[15] + 0x1fa27cf8,  c = c<<16 | c>>(32-16),  c += d )
Matching AST: ((((c +=((((d ^ a) ^ b) +(in[15])) +(0x1fa27cf8))) ,(c =((c << 16) |(c >>(32 - 16)))))) ,(c += d));
 Corresponding Ast Nodes: SgAddOp SgAddOp SgPlusAssignOp SgLshiftOp SgIntVal SgSubtractOp SgRshiftOp SgBitOrOp SgAssignOp SgCommaOpExp SgPlusAssignOp SgCommaOpExp 
Is inconsistent with:
Macro Call at test3.c l 84 c 5EXPANDED: ( d += (b ^ (a | ~c)) + in[7] + 0x432aff97,  d = d<<10 | d>>(32-10),  d += a )
Matching AST: ((((d +=(((b ^(a | ~c)) +(in[7])) +(0x432aff97))) ,(d =((d << 10) |(d >>(32 - 10)))))) ,(d += a));
 Corresponding Ast Nodes: SgAddOp SgAddOp SgPlusAssignOp SgLshiftOp SgIntVal SgSubtractOp SgRshiftOp SgBitOrOp SgAssignOp SgCommaOpExp SgPlusAssignOp SgCommaOpExp 
Is inconsistent with:
Macro Call at test3.c l 85 c 5EXPANDED: ( c += (a ^ (d | ~b)) + in[14] + 0xab9423a7,  c = c<<15 | c>>(32-15),  c += d )
Matching AST: ((((c +=(((a ^(d | ~b)) +(in[14])) +(0xab9423a7))) ,(c =((c << 15) |(c >>(32 - 15)))))) ,(c += d));
 Corresponding Ast Nodes: SgAddOp SgAddOp SgPlusAssignOp SgLshiftOp SgIntVal SgSubtractOp SgRshiftOp SgBitOrOp SgAssignOp SgCommaOpExp SgPlusAssignOp SgCommaOpExp 
Is inconsistent with:
Macro Call at test3.c l 86 c 5EXPANDED: ( b += (d ^ (c | ~a)) + in[5] + 0xfc93a039,  b = b<<21 | b>>(32-21),  b += c )
Matching AST: ((((b +=(((d ^(c | ~a)) +(in[5])) +(0xfc93a039))) ,(b =((b << 21) |(b >>(32 - 21)))))) ,(b += c));
 Corresponding Ast Nodes: SgAddOp SgAddOp SgPlusAssignOp SgLshiftOp SgIntVal SgSubtractOp SgRshiftOp SgBitOrOp SgAssignOp SgCommaOpExp SgPlusAssignOp SgCommaOpExp 
Is inconsistent with:
Macro Call at test3.c l 87 c 5EXPANDED: ( a += (c ^ (b | ~d)) + in[12] + 0x655b59c3,  a = a<<6 | a>>(32-6),  a += b )
Matching AST: ((((a +=(((c ^(b | ~d)) +(in[12])) +(0x655b59c3))) ,(a =((a << 6) |(a >>(32 - 6)))))) ,(a += b));
 Corresponding Ast Nodes: SgAddOp SgAddOp SgPlusAssignOp SgLshiftOp SgIntVal SgSubtractOp SgRshiftOp SgBitOrOp SgAssignOp SgCommaOpExp SgPlusAssignOp SgCommaOpExp 
Is inconsistent with:
Macro Call at test3.c l 88 c 5EXPANDED: ( d += (b ^ (a | ~c)) + in[3] + 0x8f0ccc92,  d = d<<10 | d>>(32-10),  d += a )
Matching AST: ((((d +=(((b ^(a | ~c)) +(in[3])) +(0x8f0ccc92))) ,(d =((d << 10) |(d >>(32 - 10)))))) ,(d += a));
 Corresponding Ast Nodes: SgAddOp SgAddOp SgPlusAssignOp SgLshiftOp SgIntVal SgSubtractOp SgRshiftOp SgBitOrOp SgAssignOp SgCommaOpExp SgPlusAssignOp SgCommaOpExp 
Is inconsistent with:
Macro Call at test3.c l 89 c 5EXPANDED: ( c += (a ^ (d | ~b)) + in[10] + 0xffeff47d,  c = c<<15 | c>>(32-15),  c += d )
Matching AST: ((((c +=(((a ^(d | ~b)) +(in[10])) +(0xffeff47d))) ,(c =((c << 15) |(c >>(32 - 15)))))) ,(c += d));
 Corresponding Ast Nodes: SgAddOp SgAddOp SgPlusAssignOp SgLshiftOp SgIntVal SgSubtractOp SgRshiftOp SgBitOrOp SgAssignOp SgCommaOpExp SgPlusAssignOp SgCommaOpExp 
Is inconsistent with:
Macro Call at test3.c l 90 c 5EXPANDED: ( b += (d ^ (c | ~a)) + in[1] + 0x85845dd1,  b = b<<21 | b>>(32-21),  b += c )
Matching AST: ((((b +=(((d ^(c | ~a)) +(in[1])) +(0x85845dd1))) ,(b =((b << 21) |(b >>(32 - 21)))))) ,(b += c));
 Corresponding Ast Nodes: SgAddOp SgAddOp SgPlusAssignOp SgLshiftOp SgIntVal SgSubtractOp SgRshiftOp SgBitOrOp SgAssignOp SgCommaOpExp SgPlusAssignOp SgCommaOpExp 
Is inconsistent with:
Macro Call at test3.c l 91 c 5EXPANDED: ( a += (c ^ (b | ~d)) + in[8] + 0x6fa87e4f,  a = a<<6 | a>>(32-6),  a += b )
Matching AST: ((((a +=(((c ^(b | ~d)) +(in[8])) +(0x6fa87e4f))) ,(a =((a << 6) |(a >>(32 - 6)))))) ,(a += b));
 Corresponding Ast Nodes: SgAddOp SgAddOp SgPlusAssignOp SgLshiftOp SgIntVal SgSubtractOp SgRshiftOp SgBitOrOp SgAssignOp SgCommaOpExp SgPlusAssignOp SgCommaOpExp 
Is inconsistent with:
Macro Call at test3.c l 92 c 5EXPANDED: ( d += (b ^ (a | ~c)) + in[15] + 0xfe2ce6e0,  d = d<<10 | d>>(32-10),  d += a )
Matching AST: ((((d +=(((b ^(a | ~c)) +(in[15])) +(0xfe2ce6e0))) ,(d =((d << 10) |(d >>(32 - 10)))))) ,(d += a));
 Corresponding Ast Nodes: SgAddOp SgAddOp SgPlusAssignOp SgLshiftOp SgIntVal SgSubtractOp SgRshiftOp SgBitOrOp SgAssignOp SgCommaOpExp SgPlusAssignOp SgCommaOpExp 
Is inconsistent with:
Macro Call at test3.c l 93 c 5EXPANDED: ( c += (a ^ (d | ~b)) + in[6] + 0xa3014314,  c = c<<15 | c>>(32-15),  c += d )
Matching AST: ((((c +=(((a ^(d | ~b)) +(in[6])) +(0xa3014314))) ,(c =((c << 15) |(c >>(32 - 15)))))) ,(c += d));
 Corresponding Ast Nodes: SgAddOp SgAddOp SgPlusAssignOp SgLshiftOp SgIntVal SgSubtractOp SgRshiftOp SgBitOrOp SgAssignOp SgCommaOpExp SgPlusAssignOp SgCommaOpExp 
Is inconsistent with:
Macro Call at test3.c l 94 c 5EXPANDED: ( b += (d ^ (c | ~a)) + in[13] + 0x4e0811a1,  b = b<<21 | b>>(32-21),  b += c )
Matching AST: ((((b +=(((d ^(c | ~a)) +(in[13])) +(0x4e0811a1))) ,(b =((b << 21) |(b >>(32 - 21)))))) ,(b += c));
 Corresponding Ast Nodes: SgAddOp SgAddOp SgPlusAssignOp SgLshiftOp SgIntVal SgSubtractOp SgRshiftOp SgBitOrOp SgAssignOp SgCommaOpExp SgPlusAssignOp SgCommaOpExp 
Is inconsistent with:
Macro Call at test3.c l 95 c 5EXPANDED: ( a += (c ^ (b | ~d)) + in[4] + 0xf7537e82,  a = a<<6 | a>>(32-6),  a += b )
Matching AST: ((((a +=(((c ^(b | ~d)) +(in[4])) +(0xf7537e82))) ,(a =((a << 6) |(a >>(32 - 6)))))) ,(a += b));
 Corresponding Ast Nodes: SgAddOp SgAddOp SgPlusAssignOp SgLshiftOp SgIntVal SgSubtractOp SgRshiftOp SgBitOrOp SgAssignOp SgCommaOpExp SgPlusAssignOp SgCommaOpExp 
Is inconsistent with:
Macro Call at test3.c l 96 c 5EXPANDED: ( d += (b ^ (a | ~c)) + in[11] + 0xbd3af235,  d = d<<10 | d>>(32-10),  d += a )
Matching AST: ((((d +=(((b ^(a | ~c)) +(in[11])) +(0xbd3af235))) ,(d =((d << 10) |(d >>(32 - 10)))))) ,(d += a));
 Corresponding Ast Nodes: SgAddOp SgAddOp SgPlusAssignOp SgLshiftOp SgIntVal SgSubtractOp SgRshiftOp SgBitOrOp SgAssignOp SgCommaOpExp SgPlusAssignOp SgCommaOpExp 
Is inconsistent with:
Macro Call at test3.c l 97 c 5EXPANDED: ( c += (a ^ (d | ~b)) + in[2] + 0x2ad7d2bb,  c = c<<15 | c>>(32-15),  c += d )
Matching AST: ((((c +=(((a ^(d | ~b)) +(in[2])) +(0x2ad7d2bb))) ,(c =((c << 15) |(c >>(32 - 15)))))) ,(c += d));
 Corresponding Ast Nodes: SgAddOp SgAddOp SgPlusAssignOp SgLshiftOp SgIntVal SgSubtractOp SgRshiftOp SgBitOrOp SgAssignOp SgCommaOpExp SgPlusAssignOp SgCommaOpExp 
Is inconsistent with:
Macro Call at test3.c l 98 c 5EXPANDED: ( b += (d ^ (c | ~a)) + in[9] + 0xeb86d391,  b = b<<21 | b>>(32-21),  b += c )
Matching AST: ((((b +=(((d ^(c | ~a)) +(in[9])) +(0xeb86d391))) ,(b =((b << 21) |(b >>(32 - 21)))))) ,(b += c));
 Corresponding Ast Nodes: SgAddOp SgAddOp SgPlusAssignOp SgLshiftOp SgIntVal SgSubtractOp SgRshiftOp SgBitOrOp SgAssignOp SgCommaOpExp SgPlusAssignOp SgCommaOpExp 
Is inconsistent with:
