
Macro def at: test4.c l 1 c 9
FORMAL BODY: 3.14159265358979323846
It has 0 calls to it


Macro def at: test4.c l 2 c 9
FORMAL BODY: ((a) - 360.0 * (floor((a) / 360.0)))
It has 2 calls to it

Macro Call at test4.c l 15 c 15EXPANDED: ((MmP + Lambdasun) - 360.0 * (floor((MmP + Lambdasun) / 360.0)))
Matching AST: ((MmP + Lambdasun) -(360.0 * floor(((MmP + Lambdasun) / 360.0))))
 Corresponding Ast Nodes: SgDoubleVal SgDoubleVal SgDivideOp SgFunctionCallExp SgMultiplyOp SgSubtractOp 
Is inconsistent with:
Macro Call at test4.c l 16 c 8EXPANDED: ((Lambdasun - 0.1114041 * A4 - Lambdasun) - 360.0 * (floor((Lambdasun - 0.1114041 * A4 - Lambdasun) / 360.0)))
Matching AST: (((Lambdasun -(0.1114041 * A4)) - Lambdasun) -(360.0 * floor((((Lambdasun -(0.1114041 * A4)) - Lambdasun) / 360.0))))
 Corresponding Ast Nodes: SgDoubleVal SgDoubleVal SgDivideOp SgFunctionCallExp SgMultiplyOp SgSubtractOp 
Is inconsistent with:

Macro def at: test4.c l 4 c 9
FORMAL BODY: ((d) * (PI / 180.0))
It has 5 calls to it

Macro Call at test4.c l 10 c 3EXPANDED: ((2 * MmP) * (3.14159265358979323846 / 180.0))
Matching AST: ((2) * MmP) *(3.14159265358979323846 / 180.0);
 Corresponding Ast Nodes: SgDoubleVal SgDivideOp SgMultiplyOp 
Is inconsistent with:
Macro Call at test4.c l 11 c 3EXPANDED: ((2 * (lP - Lambdasun)) * (3.14159265358979323846 / 180.0))
Matching AST: ((2) *(lP - Lambdasun)) *(3.14159265358979323846 / 180.0);
 Corresponding Ast Nodes: SgDoubleVal SgDivideOp SgMultiplyOp 
Is inconsistent with:
Macro Call at test4.c l 12 c 3EXPANDED: ((MmP) * (3.14159265358979323846 / 180.0))
Matching AST: MmP *(3.14159265358979323846 / 180.0);
 Corresponding Ast Nodes: SgDoubleVal SgDivideOp SgMultiplyOp 
Is inconsistent with:
Macro Call at test4.c l 13 c 20EXPANDED: ((2 * MmP) * (3.14159265358979323846 / 180.0))
Matching AST: (((2) * MmP) *(3.14159265358979323846 / 180.0))
 Corresponding Ast Nodes: SgDoubleVal SgDivideOp SgMultiplyOp 
Is inconsistent with:
Macro Call at test4.c l 14 c 21EXPANDED: ((2 * (lP - Lambdasun)) * (3.14159265358979323846 / 180.0))
Matching AST: (((2) *(lP - Lambdasun)) *(3.14159265358979323846 / 180.0))
 Corresponding Ast Nodes: SgDoubleVal SgDivideOp SgMultiplyOp 
Is inconsistent with:
