
Macro def at: test8.c l 2 c 10
FORMAL BODY: st_mtim.tv_sec
It has 2 calls to it

Macro Call at test8.c l 19 c 13EXPANDED: st_mtim.tv_sec
Matching AST: statbuf.st_mtim.tv_sec
 Corresponding Ast Nodes: SgVarRefExp SgVarRefExp 
Is inconsistent with:
Macro Call at test8.c l 20 c 11EXPANDED: st_mtim.tv_sec
Matching AST: statbuf.st_mtim.tv_sec
 Corresponding Ast Nodes: SgVarRefExp SgVarRefExp 
Is inconsistent with:
