( NULL ( NULL char NULL * SgMultiplyOp ) NULL   NULL foo SgFunctionRefExp ( NULL sizeof SgSizeOfOp ( NULL char NULL ) NULL * NULL ( NULL chars_max SgVarRefExp chars_max ) NULL ) NULL ) NULL 
( NULL ( NULL char NULL   NULL const NULL * SgMultiplyOp * SgMultiplyOp ) NULL   NULL foo SgFunctionRefExp ( NULL sizeof SgSizeOfOp ( NULL char NULL   NULL const NULL * NULL ) NULL * NULL ( NULL 1 SgIntVal 1   NULL + SgAddOp   NULL argc SgVarRefExp argc   NULL + SgAddOp   NULL ! SgNotOp ! NULL 0 SgIntVal 1   NULL + SgAddOp   NULL 2 SgIntVal 2 * NULL 1 SgIntVal 1   NULL + SgAddOp   NULL 2 SgIntVal 2 ) NULL ) NULL ) NULL 
