PreprocessingInfo test8.c line 1 col 1 : #if 1

PreprocessingInfo test8.c line 3 col 1 : #else
PreprocessingInfo test8.c line 4 col 1 : #error "Error in Wave unparsing"
void boo(){};
#endif

